5.5400 	DEBUG 	Fullscreen settings ignored as running in pilot mode.
5.5413 	INFO 	Loaded monitor calibration from ['2025_10_15 07:39']
6.2102 	INFO 	Using renderer 'Intel(R) UHD Graphics 620' for graphics
6.2103 	INFO 	OpenGL version supported by driver is 4..
6.5728 	EXP 	Created window1 = Window(allowGUI=False, allowStencil=False, autoLog=True, backendConf=UNKNOWN, backgroundFit=<method-wrapper '__getattribute__' of attributeSetter object at 0x0000021C17FF6980>, backgroundImage=<method-wrapper '__getattribute__' of attributeSetter object at 0x0000021C17FF6920>, bitsMode=UNKNOWN, blendMode='avg', bpc=(8, 8, 8), color=array([0.9216, 0.9216, 0.9216]), colorSpace='rgb', depthBits=8, fullscr=False, gamma=None, gammaErrorPolicy='raise', infoMsg=UNKNOWN, lms=UNKNOWN, monitor=<psychopy.monitors.calibTools.Monitor object at 0x0000021C180BDD80>, multiSample=False, name='window1', numSamples=2, pos=[np.float64(1520.0), np.float64(780.0)], screen=0, size=array([800, 600]), stencilBits=0, stereo=False, title='PsychoPy', units='height', useFBO=True, useRetina=False, viewOri=0.0, viewPos=None, viewScale=None, waitBlanking=True, winType='pyglet')
6.5729 	EXP 	window1: backgroundImage = ''
6.5729 	EXP 	window1: backgroundFit = 'none'
6.6256 	DEBUG 	TextBox2 loaded 1 chars with 0 blanks and 1 valid
6.6470 	DEBUG 	TextBox2 loaded 1 chars with 0 blanks and 1 valid
6.6681 	DEBUG 	TextBox2 loaded 1 chars with 0 blanks and 1 valid
6.6912 	DEBUG 	TextBox2 loaded 1 chars with 0 blanks and 1 valid
6.7118 	DEBUG 	TextBox2 loaded 1 chars with 0 blanks and 1 valid
6.7317 	DEBUG 	TextBox2 loaded 1 chars with 0 blanks and 1 valid
6.7513 	DEBUG 	TextBox2 loaded 1 chars with 0 blanks and 1 valid
6.7712 	DEBUG 	TextBox2 loaded 1 chars with 0 blanks and 1 valid
6.7902 	DEBUG 	TextBox2 loaded 1 chars with 0 blanks and 1 valid
6.8090 	DEBUG 	TextBox2 loaded 1 chars with 0 blanks and 1 valid
6.8337 	DEBUG 	TextBox2 loaded 1 chars with 0 blanks and 1 valid
6.8558 	DEBUG 	TextBox2 loaded 1 chars with 0 blanks and 1 valid
6.8751 	DEBUG 	TextBox2 loaded 1 chars with 0 blanks and 1 valid
6.8947 	DEBUG 	TextBox2 loaded 1 chars with 0 blanks and 1 valid
6.9135 	DEBUG 	TextBox2 loaded 1 chars with 0 blanks and 1 valid
6.9326 	DEBUG 	TextBox2 loaded 1 chars with 0 blanks and 1 valid
6.9531 	DEBUG 	TextBox2 loaded 1 chars with 0 blanks and 1 valid
6.9719 	DEBUG 	TextBox2 loaded 1 chars with 0 blanks and 1 valid
6.9905 	DEBUG 	TextBox2 loaded 1 chars with 0 blanks and 1 valid
7.0104 	DEBUG 	TextBox2 loaded 1 chars with 0 blanks and 1 valid
7.0296 	DEBUG 	TextBox2 loaded 1 chars with 0 blanks and 1 valid
7.0301 	DEBUG 	Uploading Texture Font fontname to graphics card
7.0535 	DEBUG 	Upload of Texture Font fontname complete
7.0997 	DEBUG 	TextBox2 loaded 1 chars with 0 blanks and 1 valid
7.1196 	DEBUG 	TextBox2 loaded 1 chars with 0 blanks and 1 valid
7.1389 	DEBUG 	TextBox2 loaded 1 chars with 0 blanks and 1 valid
7.1393 	DEBUG 	Uploading Texture Font fontname to graphics card
7.1609 	DEBUG 	Upload of Texture Font fontname complete
7.1637 	EXP 	window1: Attempting to measure frame rate of screen (0) ...
7.1637 	EXP 	window1: recordFrameIntervals = False
7.3573 	EXP 	window1: recordFrameIntervals = True
7.5410 	EXP 	Screen (0) actual frame rate measured at 59.88Hz
7.5410 	EXP 	window1: recordFrameIntervals = False
7.5753 	DEBUG 	TextBox2 loaded 1 chars with 0 blanks and 1 valid
7.5932 	DEBUG 	TextBox2 loaded 1 chars with 0 blanks and 1 valid
7.6112 	DEBUG 	TextBox2 loaded 1 chars with 0 blanks and 1 valid
7.6296 	DEBUG 	TextBox2 loaded 1 chars with 0 blanks and 1 valid
7.6482 	DEBUG 	TextBox2 loaded 1 chars with 0 blanks and 1 valid
7.6819 	DEBUG 	TextBox2 loaded 1 chars with 0 blanks and 1 valid
7.6992 	DEBUG 	TextBox2 loaded 1 chars with 0 blanks and 1 valid
7.7172 	DEBUG 	TextBox2 loaded 1 chars with 0 blanks and 1 valid
7.7349 	DEBUG 	TextBox2 loaded 1 chars with 0 blanks and 1 valid
7.7529 	DEBUG 	TextBox2 loaded 1 chars with 0 blanks and 1 valid
7.7534 	DEBUG 	Uploading Texture Font fontname to graphics card
7.7720 	DEBUG 	Upload of Texture Font fontname complete
7.9572 	INFO 	keyboard.Keyboard is using ptb backend.
7.9574 	INFO 	keyboard.Keyboard is using ptb backend.
7.9575 	INFO 	keyboard.Keyboard is using ptb backend.
7.9576 	INFO 	keyboard.Keyboard is using ptb backend.
7.9576 	EXP 	SentenceDecisionTaskWhole: status = STARTED
8.0555 	EXP 	Created InstructionText = TextStim(__class__=<class 'psychopy.visual.text.TextStim'>, alignHoriz=method-wrapper(...), alignText='center', alignVert=method-wrapper(...), anchorHoriz='center', anchorVert='center', antialias=True, autoDraw=False, autoLog=True, bold=False, color=array([-1., -1., -1.]), colorSpace='rgb', contrast=1.0, depth=-2.0, draggable=False, flipHoriz=False, flipVert=False, font='Arial', fontFiles=[], height=np.float64(0.03), italic=False, languageStyle='LTR', name='InstructionText', opacity=1, ori=0.0, pos=array([0., 0.]), rgb=UNKNOWN, text=str(...), units='height', win=Window(...), wrapWidth=1.0)
8.0568 	EXP 	Created StimuliText = TextStim(__class__=<class 'psychopy.visual.text.TextStim'>, alignHoriz=method-wrapper(...), alignText='center', alignVert=method-wrapper(...), anchorHoriz='center', anchorVert='center', antialias=True, autoDraw=False, autoLog=True, bold=False, color=array([-1., -1., -1.]), colorSpace='rgb', contrast=1.0, depth=0.0, draggable=False, flipHoriz=False, flipVert=False, font='Arial', fontFiles=[], height=0.05, italic=False, languageStyle='LTR', name='StimuliText', opacity=1, ori=0.0, pos=array([0., 0.]), rgb=UNKNOWN, text='', units='height', win=Window(...), wrapWidth=1)
8.0581 	EXP 	Created LeftResponseInstruction = TextStim(__class__=<class 'psychopy.visual.text.TextStim'>, alignHoriz=method-wrapper(...), alignText='center', alignVert=method-wrapper(...), anchorHoriz='center', anchorVert='center', antialias=True, autoDraw=False, autoLog=True, bold=False, color=array([-1., -1., -1.]), colorSpace='rgb', contrast=1.0, depth=-1.0, draggable=False, flipHoriz=False, flipVert=False, font='Arial', fontFiles=[], height=0.035, italic=False, languageStyle='LTR', name='LeftResponseInstruction', opacity=1, ori=0.0, pos=array([-0.4, -0.3]), rgb=UNKNOWN, text='', units='height', win=Window(...), wrapWidth=1)
8.0639 	EXP 	Created rightResponseInstruction = TextStim(__class__=<class 'psychopy.visual.text.TextStim'>, alignHoriz=method-wrapper(...), alignText='center', alignVert=method-wrapper(...), anchorHoriz='center', anchorVert='center', antialias=True, autoDraw=False, autoLog=True, bold=False, color=array([-1., -1., -1.]), colorSpace='rgb', contrast=1.0, depth=-2.0, draggable=False, flipHoriz=False, flipVert=False, font='Arial', fontFiles=[], height=np.float64(0.035), italic=False, languageStyle='LTR', name='rightResponseInstruction', opacity=1, ori=0.0, pos=array([ 0.4, -0.3]), rgb=UNKNOWN, text='False', units='height', win=Window(...), wrapWidth=1)
8.0705 	EXP 	Created responsefixationCrossDisplay = TextStim(__class__=<class 'psychopy.visual.text.TextStim'>, alignHoriz=method-wrapper(...), alignText='center', alignVert=method-wrapper(...), anchorHoriz='center', anchorVert='center', antialias=True, autoDraw=False, autoLog=True, bold=False, color=array([-1., -1., -1.]), colorSpace='rgb', contrast=1.0, depth=-4.0, draggable=False, flipHoriz=False, flipVert=False, font='Arial', fontFiles=[], height=np.float64(0.08), italic=False, languageStyle='LTR', name='responsefixationCrossDisplay', opacity=1, ori=0.0, pos=array([0., 0.]), rgb=UNKNOWN, text='+', units='height', win=Window(...), wrapWidth=1)
8.0730 	EXP 	Created text = TextStim(__class__=<class 'psychopy.visual.text.TextStim'>, alignHoriz=method-wrapper(...), alignText='center', alignVert=method-wrapper(...), anchorHoriz='center', anchorVert='center', antialias=True, autoDraw=False, autoLog=True, bold=False, color=array([-1., -1., -1.]), colorSpace='rgb', contrast=1.0, depth=0.0, draggable=False, flipHoriz=False, flipVert=False, font='Arial', fontFiles=[], height=np.float64(0.08), italic=False, languageStyle='LTR', name='text', opacity=1, ori=0.0, pos=array([0., 0.]), rgb=UNKNOWN, text='+', units='height', win=Window(...), wrapWidth=1)
8.0920 	EXP 	Created Instruction_Break = TextStim(__class__=<class 'psychopy.visual.text.TextStim'>, alignHoriz=method-wrapper(...), alignText='center', alignVert=method-wrapper(...), anchorHoriz='center', anchorVert='center', antialias=True, autoDraw=False, autoLog=True, bold=False, color=array([-1., -1., -1.]), colorSpace='rgb', contrast=1.0, depth=0.0, draggable=False, flipHoriz=False, flipVert=False, font='Arial', fontFiles=[], height=np.float64(0.05), italic=False, languageStyle='LTR', name='Instruction_Break', opacity=1, ori=0.0, pos=array([0., 0.]), rgb=UNKNOWN, text=str(...), units='height', win=Window(...), wrapWidth=1)
8.0930 	EXP 	Created blockInstruction = TextStim(__class__=<class 'psychopy.visual.text.TextStim'>, alignHoriz=method-wrapper(...), alignText='center', alignVert=method-wrapper(...), anchorHoriz='center', anchorVert='center', antialias=True, autoDraw=False, autoLog=True, bold=False, color=array([-1., -1., -1.]), colorSpace='rgb', contrast=1.0, depth=0.0, draggable=False, flipHoriz=False, flipVert=False, font='Arial', fontFiles=[], height=0.05, italic=False, languageStyle='LTR', name='blockInstruction', opacity=1, ori=0.0, pos=array([0., 0.]), rgb=UNKNOWN, text='', units='height', win=Window(...), wrapWidth=1)
8.1041 	EXP 	Created Instruction_Exit = TextStim(__class__=<class 'psychopy.visual.text.TextStim'>, alignHoriz=method-wrapper(...), alignText='center', alignVert=method-wrapper(...), anchorHoriz='center', anchorVert='center', antialias=True, autoDraw=False, autoLog=True, bold=False, color=array([-1., -1., -1.]), colorSpace='rgb', contrast=1.0, depth=0.0, draggable=False, flipHoriz=False, flipVert=False, font='Arial', fontFiles=[], height=np.float64(0.05), italic=False, languageStyle='LTR', name='Instruction_Exit', opacity=1, ori=0.0, pos=array([0., 0.]), rgb=UNKNOWN, text=str(...), units='height', win=Window(...), wrapWidth=1)
0.0359 	INFO 	Keyboard events cleared
0.0358 	EXP 	InstructionText: autoDraw = True
51.9523 	EXP 	Device response: <KeyPress from None: t=51.93332750000991, value=escape, duration=None>
51.9536 	DATA 	Keypress: escape
52.0814 	EXP 	Device response: <KeyPress from None: t=51.93332750000991, value=escape, duration=0.13602249999530613>
52.0814 	EXP 	SentenceDecisionTaskWhole: status = STOPPED
52.0951 	EXP 	InstructionText: autoDraw = False
52.0976 	EXP 	SentenceDecisionTaskWhole: status = STOPPED
52.1036 	INFO 	saved data to C:\Users\Frances\Desktop\lab\sdtWhole\data\019822_SentenceDecisionTaskWhole_TrueFalse_2026-02-09_16h18.48.881.psydat
52.3062 	DEBUG 	Saving data for SentenceDecisionTaskWhole ExperimentHandler
52.3108 	WARNING 	Stopping key buffers but this could be dangerous ifother keyboards rely on the same.
52.3709 	WARNING 	Stopping key buffers but this could be dangerous ifother keyboards rely on the same.
52.3709 	WARNING 	Stopping key buffers but this could be dangerous ifother keyboards rely on the same.
52.3709 	WARNING 	Stopping key buffers but this could be dangerous ifother keyboards rely on the same.
