6.4747 	DEBUG 	Fullscreen settings ignored as running in pilot mode.
6.4760 	INFO 	Loaded monitor calibration from ['2025_10_15 07:39']
7.2296 	INFO 	Using renderer 'Intel(R) UHD Graphics 620' for graphics
7.2296 	INFO 	OpenGL version supported by driver is 4..
7.6548 	EXP 	Created window1 = Window(allowGUI=False, allowStencil=False, autoLog=True, backendConf=UNKNOWN, backgroundFit=<method-wrapper '__getattribute__' of attributeSetter object at 0x0000013F9CA86980>, backgroundImage=<method-wrapper '__getattribute__' of attributeSetter object at 0x0000013F9CA86920>, bitsMode=UNKNOWN, blendMode='avg', bpc=(8, 8, 8), color=array([0.9216, 0.9216, 0.9216]), colorSpace='rgb', depthBits=8, fullscr=False, gamma=None, gammaErrorPolicy='raise', infoMsg=UNKNOWN, lms=UNKNOWN, monitor=<psychopy.monitors.calibTools.Monitor object at 0x0000013F9CB49D80>, multiSample=False, name='window1', numSamples=2, pos=[np.float64(1520.0), np.float64(780.0)], screen=0, size=array([800, 600]), stencilBits=0, stereo=False, title='PsychoPy', units='height', useFBO=True, useRetina=False, viewOri=0.0, viewPos=None, viewScale=None, waitBlanking=True, winType='pyglet')
7.6550 	EXP 	window1: backgroundImage = ''
7.6551 	EXP 	window1: backgroundFit = 'none'
7.7068 	DEBUG 	TextBox2 loaded 1 chars with 0 blanks and 1 valid
7.7297 	DEBUG 	TextBox2 loaded 1 chars with 0 blanks and 1 valid
7.7515 	DEBUG 	TextBox2 loaded 1 chars with 0 blanks and 1 valid
7.7789 	DEBUG 	TextBox2 loaded 1 chars with 0 blanks and 1 valid
7.8002 	DEBUG 	TextBox2 loaded 1 chars with 0 blanks and 1 valid
7.8207 	DEBUG 	TextBox2 loaded 1 chars with 0 blanks and 1 valid
7.8420 	DEBUG 	TextBox2 loaded 1 chars with 0 blanks and 1 valid
7.8628 	DEBUG 	TextBox2 loaded 1 chars with 0 blanks and 1 valid
7.8825 	DEBUG 	TextBox2 loaded 1 chars with 0 blanks and 1 valid
7.9023 	DEBUG 	TextBox2 loaded 1 chars with 0 blanks and 1 valid
7.9228 	DEBUG 	TextBox2 loaded 1 chars with 0 blanks and 1 valid
7.9431 	DEBUG 	TextBox2 loaded 1 chars with 0 blanks and 1 valid
7.9626 	DEBUG 	TextBox2 loaded 1 chars with 0 blanks and 1 valid
7.9821 	DEBUG 	TextBox2 loaded 1 chars with 0 blanks and 1 valid
8.0015 	DEBUG 	TextBox2 loaded 1 chars with 0 blanks and 1 valid
8.0215 	DEBUG 	TextBox2 loaded 1 chars with 0 blanks and 1 valid
8.0422 	DEBUG 	TextBox2 loaded 1 chars with 0 blanks and 1 valid
8.0614 	DEBUG 	TextBox2 loaded 1 chars with 0 blanks and 1 valid
8.0810 	DEBUG 	TextBox2 loaded 1 chars with 0 blanks and 1 valid
8.1010 	DEBUG 	TextBox2 loaded 1 chars with 0 blanks and 1 valid
8.1199 	DEBUG 	TextBox2 loaded 1 chars with 0 blanks and 1 valid
8.1204 	DEBUG 	Uploading Texture Font fontname to graphics card
8.1435 	DEBUG 	Upload of Texture Font fontname complete
8.1812 	DEBUG 	TextBox2 loaded 1 chars with 0 blanks and 1 valid
8.2012 	DEBUG 	TextBox2 loaded 1 chars with 0 blanks and 1 valid
8.2213 	DEBUG 	TextBox2 loaded 1 chars with 0 blanks and 1 valid
8.2218 	DEBUG 	Uploading Texture Font fontname to graphics card
8.2428 	DEBUG 	Upload of Texture Font fontname complete
8.2455 	EXP 	window1: Attempting to measure frame rate of screen (0) ...
8.2455 	EXP 	window1: recordFrameIntervals = False
8.4314 	EXP 	window1: recordFrameIntervals = True
8.6144 	EXP 	Screen (0) actual frame rate measured at 60.88Hz
8.6144 	EXP 	window1: recordFrameIntervals = False
8.6491 	DEBUG 	TextBox2 loaded 1 chars with 0 blanks and 1 valid
8.6668 	DEBUG 	TextBox2 loaded 1 chars with 0 blanks and 1 valid
8.6849 	DEBUG 	TextBox2 loaded 1 chars with 0 blanks and 1 valid
8.7032 	DEBUG 	TextBox2 loaded 1 chars with 0 blanks and 1 valid
8.7213 	DEBUG 	TextBox2 loaded 1 chars with 0 blanks and 1 valid
8.7393 	DEBUG 	TextBox2 loaded 1 chars with 0 blanks and 1 valid
8.7567 	DEBUG 	TextBox2 loaded 1 chars with 0 blanks and 1 valid
8.7746 	DEBUG 	TextBox2 loaded 1 chars with 0 blanks and 1 valid
8.7930 	DEBUG 	TextBox2 loaded 1 chars with 0 blanks and 1 valid
8.8110 	DEBUG 	TextBox2 loaded 1 chars with 0 blanks and 1 valid
8.8115 	DEBUG 	Uploading Texture Font fontname to graphics card
8.8321 	DEBUG 	Upload of Texture Font fontname complete
9.0325 	INFO 	keyboard.Keyboard is using ptb backend.
9.0326 	INFO 	keyboard.Keyboard is using ptb backend.
9.0327 	INFO 	keyboard.Keyboard is using ptb backend.
9.0328 	INFO 	keyboard.Keyboard is using ptb backend.
9.0328 	EXP 	SentenceDecisionTaskWhole: status = STARTED
9.1463 	EXP 	Created InstructionText = TextStim(__class__=<class 'psychopy.visual.text.TextStim'>, alignHoriz=method-wrapper(...), alignText='center', alignVert=method-wrapper(...), anchorHoriz='center', anchorVert='center', antialias=True, autoDraw=False, autoLog=True, bold=False, color=array([-1., -1., -1.]), colorSpace='rgb', contrast=1.0, depth=-2.0, draggable=False, flipHoriz=False, flipVert=False, font='Arial', fontFiles=[], height=np.float64(0.03), italic=False, languageStyle='LTR', name='InstructionText', opacity=1, ori=0.0, pos=array([0., 0.]), rgb=UNKNOWN, text=str(...), units='height', win=Window(...), wrapWidth=1.0)
9.1477 	EXP 	Created StimuliText = TextStim(__class__=<class 'psychopy.visual.text.TextStim'>, alignHoriz=method-wrapper(...), alignText='center', alignVert=method-wrapper(...), anchorHoriz='center', anchorVert='center', antialias=True, autoDraw=False, autoLog=True, bold=False, color=array([-1., -1., -1.]), colorSpace='rgb', contrast=1.0, depth=0.0, draggable=False, flipHoriz=False, flipVert=False, font='Arial', fontFiles=[], height=0.05, italic=False, languageStyle='LTR', name='StimuliText', opacity=1, ori=0.0, pos=array([0., 0.]), rgb=UNKNOWN, text='', units='height', win=Window(...), wrapWidth=1)
9.1489 	EXP 	Created LeftResponseInstruction = TextStim(__class__=<class 'psychopy.visual.text.TextStim'>, alignHoriz=method-wrapper(...), alignText='center', alignVert=method-wrapper(...), anchorHoriz='center', anchorVert='center', antialias=True, autoDraw=False, autoLog=True, bold=False, color=array([-1., -1., -1.]), colorSpace='rgb', contrast=1.0, depth=-1.0, draggable=False, flipHoriz=False, flipVert=False, font='Arial', fontFiles=[], height=0.035, italic=False, languageStyle='LTR', name='LeftResponseInstruction', opacity=1, ori=0.0, pos=array([-0.4, -0.3]), rgb=UNKNOWN, text='', units='height', win=Window(...), wrapWidth=1)
9.1545 	EXP 	Created rightResponseInstruction = TextStim(__class__=<class 'psychopy.visual.text.TextStim'>, alignHoriz=method-wrapper(...), alignText='center', alignVert=method-wrapper(...), anchorHoriz='center', anchorVert='center', antialias=True, autoDraw=False, autoLog=True, bold=False, color=array([-1., -1., -1.]), colorSpace='rgb', contrast=1.0, depth=-2.0, draggable=False, flipHoriz=False, flipVert=False, font='Arial', fontFiles=[], height=np.float64(0.035), italic=False, languageStyle='LTR', name='rightResponseInstruction', opacity=1, ori=0.0, pos=array([ 0.4, -0.3]), rgb=UNKNOWN, text='False', units='height', win=Window(...), wrapWidth=1)
9.1620 	EXP 	Created responsefixationCrossDisplay = TextStim(__class__=<class 'psychopy.visual.text.TextStim'>, alignHoriz=method-wrapper(...), alignText='center', alignVert=method-wrapper(...), anchorHoriz='center', anchorVert='center', antialias=True, autoDraw=False, autoLog=True, bold=False, color=array([-1., -1., -1.]), colorSpace='rgb', contrast=1.0, depth=-4.0, draggable=False, flipHoriz=False, flipVert=False, font='Arial', fontFiles=[], height=np.float64(0.08), italic=False, languageStyle='LTR', name='responsefixationCrossDisplay', opacity=1, ori=0.0, pos=array([0., 0.]), rgb=UNKNOWN, text='+', units='height', win=Window(...), wrapWidth=1)
9.1644 	EXP 	Created text = TextStim(__class__=<class 'psychopy.visual.text.TextStim'>, alignHoriz=method-wrapper(...), alignText='center', alignVert=method-wrapper(...), anchorHoriz='center', anchorVert='center', antialias=True, autoDraw=False, autoLog=True, bold=False, color=array([-1., -1., -1.]), colorSpace='rgb', contrast=1.0, depth=0.0, draggable=False, flipHoriz=False, flipVert=False, font='Arial', fontFiles=[], height=np.float64(0.08), italic=False, languageStyle='LTR', name='text', opacity=1, ori=0.0, pos=array([0., 0.]), rgb=UNKNOWN, text='+', units='height', win=Window(...), wrapWidth=1)
9.1861 	EXP 	Created Instruction_Break = TextStim(__class__=<class 'psychopy.visual.text.TextStim'>, alignHoriz=method-wrapper(...), alignText='center', alignVert=method-wrapper(...), anchorHoriz='center', anchorVert='center', antialias=True, autoDraw=False, autoLog=True, bold=False, color=array([-1., -1., -1.]), colorSpace='rgb', contrast=1.0, depth=0.0, draggable=False, flipHoriz=False, flipVert=False, font='Arial', fontFiles=[], height=np.float64(0.05), italic=False, languageStyle='LTR', name='Instruction_Break', opacity=1, ori=0.0, pos=array([0., 0.]), rgb=UNKNOWN, text=str(...), units='height', win=Window(...), wrapWidth=1)
9.1872 	EXP 	Created blockInstruction = TextStim(__class__=<class 'psychopy.visual.text.TextStim'>, alignHoriz=method-wrapper(...), alignText='center', alignVert=method-wrapper(...), anchorHoriz='center', anchorVert='center', antialias=True, autoDraw=False, autoLog=True, bold=False, color=array([-1., -1., -1.]), colorSpace='rgb', contrast=1.0, depth=0.0, draggable=False, flipHoriz=False, flipVert=False, font='Arial', fontFiles=[], height=0.05, italic=False, languageStyle='LTR', name='blockInstruction', opacity=1, ori=0.0, pos=array([0., 0.]), rgb=UNKNOWN, text='', units='height', win=Window(...), wrapWidth=1)
9.1992 	EXP 	Created Instruction_Exit = TextStim(__class__=<class 'psychopy.visual.text.TextStim'>, alignHoriz=method-wrapper(...), alignText='center', alignVert=method-wrapper(...), anchorHoriz='center', anchorVert='center', antialias=True, autoDraw=False, autoLog=True, bold=False, color=array([-1., -1., -1.]), colorSpace='rgb', contrast=1.0, depth=0.0, draggable=False, flipHoriz=False, flipVert=False, font='Arial', fontFiles=[], height=np.float64(0.05), italic=False, languageStyle='LTR', name='Instruction_Exit', opacity=1, ori=0.0, pos=array([0., 0.]), rgb=UNKNOWN, text=str(...), units='height', win=Window(...), wrapWidth=1)
0.0012 	DATA 	Keypress: space
0.0315 	INFO 	Keyboard events cleared
0.0314 	EXP 	InstructionText: autoDraw = True
45.5190 	EXP 	Device response: <KeyPress from None: t=45.49928779993206, value=escape, duration=None>
45.5196 	DATA 	Keypress: escape
45.6805 	EXP 	Device response: <KeyPress from None: t=45.49928779993206, value=escape, duration=0.17152340011671185>
45.6806 	EXP 	SentenceDecisionTaskWhole: status = STOPPED
45.6922 	EXP 	InstructionText: autoDraw = False
45.6954 	EXP 	SentenceDecisionTaskWhole: status = STOPPED
45.7010 	INFO 	saved data to C:\Users\Frances\Desktop\lab\sdtWhole\data\078251_SentenceDecisionTaskWhole_TrueFalse_2026-02-09_16h16.41.937.psydat
45.8935 	DEBUG 	Saving data for SentenceDecisionTaskWhole ExperimentHandler
45.8969 	WARNING 	Stopping key buffers but this could be dangerous ifother keyboards rely on the same.
45.9731 	WARNING 	Stopping key buffers but this could be dangerous ifother keyboards rely on the same.
45.9731 	WARNING 	Stopping key buffers but this could be dangerous ifother keyboards rely on the same.
45.9731 	WARNING 	Stopping key buffers but this could be dangerous ifother keyboards rely on the same.
